node.exe : [baseline-browser-mapping] The data in this module is over two months old.  To ensure accurate Baseline data
, please update: `npm i baseline-browser-mapping@latest -D`
At line:1 char:1
+ & "C:\Program Files\nodejs/node.exe" "C:\Program Files\nodejs/node_mo ...
+ ~~~~~~~~~~~~~~~~~~~~~~~~~~~~~~~~~~~~~~~~~~~~~~~~~~~~~~~~~~~~~~~~~~~~~
    + CategoryInfo          : NotSpecified: ([baseline-brows...ping@latest -D`:String) [], RemoteException
    + FullyQualifiedErrorId : NativeCommandError
 
   Creating an optimized production build...
uncaughtException Error: . is neither a posix nor a windows path, and there is no 'join' method defined in the file sys
tem
    at join (C:\Users\ahmet\OneDrive\Desktop\sip-main\node_modules\next\dist\compiled\webpack\bundle5.js:28:1369027)
    at C:\Users\ahmet\OneDrive\Desktop\sip-main\node_modules\next\dist\compiled\webpack\bundle5.js:28:293178
    at arrayEachIndex (C:\Users\ahmet\OneDrive\Desktop\sip-main\node_modules\next\dist\compiled\neo-async\async.js:1:71
65)
    at Object.map (C:\Users\ahmet\OneDrive\Desktop\sip-main\node_modules\next\dist\compiled\neo-async\async.js:1:9971)
    at Array.<anonymous> (C:\Users\ahmet\OneDrive\Desktop\sip-main\node_modules\next\dist\compiled\webpack\bundle5.js:2
8:293153)
    at runCallbacks (C:\Users\ahmet\OneDrive\Desktop\sip-main\node_modules\next\dist\compiled\webpack\bundle5.js:1:1681
23)
    at C:\Users\ahmet\OneDrive\Desktop\sip-main\node_modules\next\dist\compiled\webpack\bundle5.js:1:170035
    at C:\Users\ahmet\OneDrive\Desktop\sip-main\node_modules\next\dist\compiled\webpack\bundle5.js:1:269268
    at FSReqCallback.oncomplete (node:fs:180:23)
